// Jest Snapshot v1, https://goo.gl/fbAQLP

exports[`Products.vue renders Products.vue should match snapshot 1`] = `
<div class="products">
  <product-card-stub product="[object Object]"></product-card-stub>
  <product-card-stub product="[object Object]"></product-card-stub>
  <product-card-stub product="[object Object]"></product-card-stub>
  <product-card-stub product="[object Object]"></product-card-stub>
  <product-card-stub product="[object Object]"></product-card-stub>
  <product-card-stub product="[object Object]"></product-card-stub>
  <product-card-stub product="[object Object]"></product-card-stub>
  <product-card-stub product="[object Object]"></product-card-stub>
  <product-card-stub product="[object Object]"></product-card-stub>
  <product-card-stub product="[object Object]"></product-card-stub>
  <product-card-stub product="[object Object]"></product-card-stub>
</div>
`;
