// Jest Snapshot v1, https://goo.gl/fbAQLP

exports[`ProductCard.vue should match snapshot 1`] = `
<div class="product-card">
  <div class="images"></div>
  <div class="info">
    <div class="title">
      <div class="product-name">

      </div> <small class="product-type-size">

      </small>
    </div>
    <p class="price">
      <!---->

    </p>
  </div>
</div>
`;
